#
# There is insufficient memory for the Java Runtime Environment to continue.
# Native memory allocation (malloc) failed to allocate 32744 bytes. Error detail: Chunk::new
# Possible reasons:
#   The system is out of physical RAM or swap space
#   This process is running with CompressedOops enabled, and the Java Heap may be blocking the growth of the native heap
# Possible solutions:
#   Reduce memory load on the system
#   Increase physical memory or swap space
#   Check if swap backing store is full
#   Decrease Java heap size (-Xmx/-Xms)
#   Decrease number of Java threads
#   Decrease Java thread stack sizes (-Xss)
#   Set larger code cache with -XX:ReservedCodeCacheSize=
#   JVM is running with Unscaled Compressed Oops mode in which the Java heap is
#     placed in the first 4GB address space. The Java Heap base address is the
#     maximum limit for the native heap growth. Please use -XX:HeapBaseMinAddress
#     to set the Java Heap base and to place the Java Heap above 4GB virtual address.
# This output file may be truncated or incomplete.
#
#  Out of Memory Error (arena.cpp:149), pid=33276, tid=34912
#
# JRE version: Java(TM) SE Runtime Environment (23.0.2+7) (build 23.0.2+7-58)
# Java VM: Java HotSpot(TM) 64-Bit Server VM (23.0.2+7-58, mixed mode, sharing, tiered, compressed oops, compressed class ptrs, g1 gc, windows-amd64)
# No core dump will be written. Minidumps are not enabled by default on client versions of Windows
#

---------------  S U M M A R Y ------------

Command Line: -javaagent:C:\Users\Kriti\Downloads\ideaIC-2024.3.4.1.win\lib\idea_rt.jar=58449 -Dfile.encoding=UTF-8 -Dsun.stdout.encoding=UTF-8 -Dsun.stderr.encoding=UTF-8 com.capstone.landlordInsurance.LandlordInsuranceApplication

Host: AMD Ryzen 5 3450U with Radeon Vega Mobile Gfx  , 8 cores, 5G,  Windows 11 , 64 bit Build 22621 (10.0.22621.4974)
Time: Sun Apr 13 20:02:19 2025 India Standard Time elapsed time: 166.854857 seconds (0d 0h 2m 46s)

---------------  T H R E A D  ---------------

Current thread (0x00000217eb4aece0):  JavaThread "C2 CompilerThread0" daemon [_thread_in_native, id=34912, stack(0x000000a499400000,0x000000a499500000) (1024K)]


Current CompileTask:
C2:166855 7526       4       jdk.internal.misc.Unsafe::putReferenceOpaque (9 bytes)

Stack: [0x000000a499400000,0x000000a499500000]
Native frames: (J=compiled Java code, j=interpreted, Vv=VM code, C=native code)
V  [jvm.dll+0x6e0b99]  (no source info available)
V  [jvm.dll+0x87e2b3]  (no source info available)
V  [jvm.dll+0x88073e]  (no source info available)
V  [jvm.dll+0x880e13]  (no source info available)
V  [jvm.dll+0x27b006]  (no source info available)
V  [jvm.dll+0xbc06f]  (no source info available)
V  [jvm.dll+0xbc2cb]  (no source info available)
V  [jvm.dll+0x666d0b]  (no source info available)
V  [jvm.dll+0x666eaf]  (no source info available)
V  [jvm.dll+0x66cab7]  (no source info available)
V  [jvm.dll+0x66ddb9]  (no source info available)
V  [jvm.dll+0x66be15]  (no source info available)
V  [jvm.dll+0x2449d7]  (no source info available)
V  [jvm.dll+0x243eff]  (no source info available)
V  [jvm.dll+0x1c34b0]  (no source info available)
V  [jvm.dll+0x253df1]  (no source info available)
V  [jvm.dll+0x2520aa]  (no source info available)
V  [jvm.dll+0x3ee226]  (no source info available)
V  [jvm.dll+0x8254cb]  (no source info available)
V  [jvm.dll+0x6df345]  (no source info available)
C  [ucrtbase.dll+0x29333]  (no source info available)
C  [KERNEL32.DLL+0x1259d]  (no source info available)
C  [ntdll.dll+0x5af38]  (no source info available)

Lock stack of current Java thread (top to bottom):


---------------  P R O C E S S  ---------------

Threads class SMR info:
_java_thread_list=0x00000217c5b677f0, length=29, elements={
0x00000217eb49d3a0, 0x00000217eb49f570, 0x00000217eb4a0b10, 0x00000217eb4a3580,
0x00000217eb4a3fe0, 0x00000217eb4a6cb0, 0x00000217eb4aece0, 0x00000217eb4b03b0,
0x00000217c509d490, 0x00000217c5408180, 0x00000217c54087f0, 0x00000217c78190d0,
0x00000217c7819740, 0x00000217c681b9b0, 0x00000217c7008090, 0x00000217c61f5d60,
0x00000217c75a0410, 0x00000217c75a3890, 0x00000217c75a2b70, 0x00000217c759f060,
0x00000217c75a17c0, 0x00000217c75a3200, 0x00000217c75a3f20, 0x00000217c759f6f0,
0x00000217c759fd80, 0x00000217c75a1e50, 0x00000217c759cf90, 0x00000217c75a45b0,
0x00000217c759d620
}

Java Threads: ( => current thread )
  0x00000217eb49d3a0 JavaThread "Reference Handler"          daemon [_thread_blocked, id=17784, stack(0x000000a498e00000,0x000000a498f00000) (1024K)]
  0x00000217eb49f570 JavaThread "Finalizer"                  daemon [_thread_blocked, id=25284, stack(0x000000a498f00000,0x000000a499000000) (1024K)]
  0x00000217eb4a0b10 JavaThread "Signal Dispatcher"          daemon [_thread_blocked, id=2264, stack(0x000000a499000000,0x000000a499100000) (1024K)]
  0x00000217eb4a3580 JavaThread "Attach Listener"            daemon [_thread_blocked, id=25872, stack(0x000000a499100000,0x000000a499200000) (1024K)]
  0x00000217eb4a3fe0 JavaThread "Service Thread"             daemon [_thread_blocked, id=19772, stack(0x000000a499200000,0x000000a499300000) (1024K)]
  0x00000217eb4a6cb0 JavaThread "Monitor Deflation Thread"   daemon [_thread_blocked, id=10044, stack(0x000000a499300000,0x000000a499400000) (1024K)]
=>0x00000217eb4aece0 JavaThread "C2 CompilerThread0"         daemon [_thread_in_native, id=34912, stack(0x000000a499400000,0x000000a499500000) (1024K)]
  0x00000217eb4b03b0 JavaThread "C1 CompilerThread0"         daemon [_thread_blocked, id=27200, stack(0x000000a499500000,0x000000a499600000) (1024K)]
  0x00000217c509d490 JavaThread "Common-Cleaner"             daemon [_thread_blocked, id=19280, stack(0x000000a499600000,0x000000a499700000) (1024K)]
  0x00000217c5408180 JavaThread "Monitor Ctrl-Break"         daemon [_thread_in_native, id=33468, stack(0x000000a499700000,0x000000a499800000) (1024K)]
  0x00000217c54087f0 JavaThread "Notification Thread"        daemon [_thread_blocked, id=26172, stack(0x000000a499800000,0x000000a499900000) (1024K)]
  0x00000217c78190d0 JavaThread "Catalina-utility-1"                [_thread_blocked, id=33804, stack(0x000000a499f00000,0x000000a49a000000) (1024K)]
  0x00000217c7819740 JavaThread "Catalina-utility-2"                [_thread_blocked, id=12220, stack(0x000000a49a200000,0x000000a49a300000) (1024K)]
  0x00000217c681b9b0 JavaThread "container-0"                       [_thread_blocked, id=33808, stack(0x000000a49a300000,0x000000a49a400000) (1024K)]
  0x00000217c7008090 JavaThread "mysql-cj-abandoned-connection-cleanup" daemon [_thread_blocked, id=3972, stack(0x000000a49a400000,0x000000a49a500000) (1024K)]
  0x00000217c61f5d60 JavaThread "HikariPool-1 housekeeper"   daemon [_thread_blocked, id=21804, stack(0x000000a49a600000,0x000000a49a700000) (1024K)]
  0x00000217c75a0410 JavaThread "http-nio-8080-exec-1"       daemon [_thread_blocked, id=18528, stack(0x000000a49a700000,0x000000a49a800000) (1024K)]
  0x00000217c75a3890 JavaThread "http-nio-8080-exec-2"       daemon [_thread_blocked, id=34952, stack(0x000000a49a800000,0x000000a49a900000) (1024K)]
  0x00000217c75a2b70 JavaThread "http-nio-8080-exec-3"       daemon [_thread_blocked, id=33960, stack(0x000000a49a900000,0x000000a49aa00000) (1024K)]
  0x00000217c759f060 JavaThread "http-nio-8080-exec-4"       daemon [_thread_blocked, id=36152, stack(0x000000a49aa00000,0x000000a49ab00000) (1024K)]
  0x00000217c75a17c0 JavaThread "http-nio-8080-exec-5"       daemon [_thread_blocked, id=28860, stack(0x000000a49ab00000,0x000000a49ac00000) (1024K)]
  0x00000217c75a3200 JavaThread "http-nio-8080-exec-6"       daemon [_thread_blocked, id=20124, stack(0x000000a49ac00000,0x000000a49ad00000) (1024K)]
  0x00000217c75a3f20 JavaThread "http-nio-8080-exec-7"       daemon [_thread_blocked, id=24620, stack(0x000000a49ad00000,0x000000a49ae00000) (1024K)]
  0x00000217c759f6f0 JavaThread "http-nio-8080-exec-8"       daemon [_thread_blocked, id=5484, stack(0x000000a49ae00000,0x000000a49af00000) (1024K)]
  0x00000217c759fd80 JavaThread "http-nio-8080-exec-9"       daemon [_thread_blocked, id=35072, stack(0x000000a49af00000,0x000000a49b000000) (1024K)]
  0x00000217c75a1e50 JavaThread "http-nio-8080-exec-10"      daemon [_thread_blocked, id=11720, stack(0x000000a49b000000,0x000000a49b100000) (1024K)]
  0x00000217c759cf90 JavaThread "http-nio-8080-Poller"       daemon [_thread_in_native, id=26100, stack(0x000000a49b100000,0x000000a49b200000) (1024K)]
  0x00000217c75a45b0 JavaThread "http-nio-8080-Acceptor"     daemon [_thread_in_native, id=30924, stack(0x000000a49b200000,0x000000a49b300000) (1024K)]
  0x00000217c759d620 JavaThread "DestroyJavaVM"                     [_thread_blocked, id=32808, stack(0x000000a498600000,0x000000a498700000) (1024K)]
Total: 29

Other Threads:
  0x00000217eb4824f0 VMThread "VM Thread"                           [id=22032, stack(0x000000a498d00000,0x000000a498e00000) (1024K)]
  0x00000217eb46e3e0 WatcherThread "VM Periodic Task Thread"        [id=34348, stack(0x000000a498c00000,0x000000a498d00000) (1024K)]
  0x00000217cf13d800 WorkerThread "GC Thread#0"                     [id=36004, stack(0x000000a498700000,0x000000a498800000) (1024K)]
  0x00000217c5e08820 WorkerThread "GC Thread#1"                     [id=36808, stack(0x000000a499900000,0x000000a499a00000) (1024K)]
  0x00000217c5f76970 WorkerThread "GC Thread#2"                     [id=33844, stack(0x000000a499a00000,0x000000a499b00000) (1024K)]
  0x00000217c5f76d20 WorkerThread "GC Thread#3"                     [id=4764, stack(0x000000a499b00000,0x000000a499c00000) (1024K)]
  0x00000217c5f770d0 WorkerThread "GC Thread#4"                     [id=28608, stack(0x000000a499c00000,0x000000a499d00000) (1024K)]
  0x00000217c5f77480 WorkerThread "GC Thread#5"                     [id=22884, stack(0x000000a499d00000,0x000000a499e00000) (1024K)]
  0x00000217c5f77830 WorkerThread "GC Thread#6"                     [id=29940, stack(0x000000a499e00000,0x000000a499f00000) (1024K)]
  0x00000217c5eea0a0 WorkerThread "GC Thread#7"                     [id=23856, stack(0x000000a49a000000,0x000000a49a100000) (1024K)]
  0x00000217cf14d3f0 ConcurrentGCThread "G1 Main Marker"            [id=25768, stack(0x000000a498800000,0x000000a498900000) (1024K)]
  0x00000217cf14e850 WorkerThread "G1 Conc#0"                       [id=25376, stack(0x000000a498900000,0x000000a498a00000) (1024K)]
  0x00000217c5eea800 WorkerThread "G1 Conc#1"                       [id=264, stack(0x000000a49a100000,0x000000a49a200000) (1024K)]
  0x00000217cf1ade40 ConcurrentGCThread "G1 Refine#0"               [id=9764, stack(0x000000a498a00000,0x000000a498b00000) (1024K)]
  0x00000217cf1ae9c0 ConcurrentGCThread "G1 Service"                [id=28328, stack(0x000000a498b00000,0x000000a498c00000) (1024K)]
Total: 15

Threads with active compile tasks:
C2 CompilerThread0  166959 7526       4       jdk.internal.misc.Unsafe::putReferenceOpaque (9 bytes)
Total: 1

VM state: not at safepoint (normal execution)

VM Mutex/Monitor currently owned by a thread: None

Heap address: 0x00000000a1c00000, size: 1508 MB, Compressed Oops mode: 32-bit

CDS archive(s) mapped at: [0x0000021780000000-0x0000021780d70000-0x0000021780d70000), size 14090240, SharedBaseAddress: 0x0000021780000000, ArchiveRelocationMode: 1.
Compressed class space mapped at: 0x0000021781000000-0x00000217c1000000, reserved size: 1073741824
Narrow klass base: 0x0000021780000000, Narrow klass shift: 0, Narrow klass range: 0x41000000

GC Precious Log:
 CardTable entry size: 512
 Card Set container configuration: InlinePtr #cards 5 size 8 Array Of Cards #cards 10 size 36 Howl #buckets 4 coarsen threshold 1843 Howl Bitmap #cards 512 size 80 coarsen threshold 460 Card regions per heap region 1 cards per card region 2048
 CPUs: 8 total, 8 available
 Memory: 6030M
 Large Page Support: Disabled
 NUMA Support: Disabled
 Compressed Oops: Enabled (32-bit)
 Heap Region Size: 1M
 Heap Min Capacity: 8M
 Heap Initial Capacity: 96M
 Heap Max Capacity: 1508M
 Pre-touch: Disabled
 Parallel Workers: 8
 Concurrent Workers: 2
 Concurrent Refinement Workers: 8
 Periodic GC: Disabled

Heap:
 garbage-first heap   total reserved 1544192K, committed 56320K, used 38588K [0x00000000a1c00000, 0x0000000100000000)
  region size 1024K, 9 young (9216K), 2 survivors (2048K)
 Metaspace       used 74463K, committed 75200K, reserved 1114112K
  class space    used 10295K, committed 10624K, reserved 1048576K

Heap Regions: E=young(eden), S=young(survivor), O=old, HS=humongous(starts), HC=humongous(continues), CS=collection set, F=free, TAMS=top-at-mark-start, PB=parsable bottom
|   0|0x00000000a1c00000, 0x00000000a1d00000, 0x00000000a1d00000|100%|HS|  |TAMS 0x00000000a1c00000| PB 0x00000000a1c00000| Complete |  0
|   1|0x00000000a1d00000, 0x00000000a1e00000, 0x00000000a1e00000|100%|HS|  |TAMS 0x00000000a1d00000| PB 0x00000000a1d00000| Complete |  0
|   2|0x00000000a1e00000, 0x00000000a1f00000, 0x00000000a1f00000|100%| O|  |TAMS 0x00000000a1e00000| PB 0x00000000a1e00000| Untracked |  0
|   3|0x00000000a1f00000, 0x00000000a2000000, 0x00000000a2000000|100%| O|  |TAMS 0x00000000a1f00000| PB 0x00000000a1f00000| Untracked |  0
|   4|0x00000000a2000000, 0x00000000a2100000, 0x00000000a2100000|100%| O|  |TAMS 0x00000000a2000000| PB 0x00000000a2000000| Untracked |  0
|   5|0x00000000a2100000, 0x00000000a2200000, 0x00000000a2200000|100%| O|  |TAMS 0x00000000a2100000| PB 0x00000000a2100000| Untracked |  0
|   6|0x00000000a2200000, 0x00000000a2300000, 0x00000000a2300000|100%| O|  |TAMS 0x00000000a2200000| PB 0x00000000a2200000| Untracked |  0
|   7|0x00000000a2300000, 0x00000000a2400000, 0x00000000a2400000|100%| O|  |TAMS 0x00000000a2300000| PB 0x00000000a2300000| Untracked |  0
|   8|0x00000000a2400000, 0x00000000a2500000, 0x00000000a2500000|100%| O|  |TAMS 0x00000000a2400000| PB 0x00000000a2400000| Untracked |  0
|   9|0x00000000a2500000, 0x00000000a2600000, 0x00000000a2600000|100%| O|Cm|TAMS 0x00000000a2500000| PB 0x00000000a2500000| Complete |  0
|  10|0x00000000a2600000, 0x00000000a2700000, 0x00000000a2700000|100%| O|  |TAMS 0x00000000a2600000| PB 0x00000000a2600000| Untracked |  0
|  11|0x00000000a2700000, 0x00000000a2800000, 0x00000000a2800000|100%| O|  |TAMS 0x00000000a2700000| PB 0x00000000a2700000| Untracked |  0
|  12|0x00000000a2800000, 0x00000000a2900000, 0x00000000a2900000|100%| O|  |TAMS 0x00000000a2800000| PB 0x00000000a2800000| Untracked |  0
|  13|0x00000000a2900000, 0x00000000a2a00000, 0x00000000a2a00000|100%| O|  |TAMS 0x00000000a2900000| PB 0x00000000a2900000| Untracked |  0
|  14|0x00000000a2a00000, 0x00000000a2b00000, 0x00000000a2b00000|100%| O|  |TAMS 0x00000000a2a00000| PB 0x00000000a2a00000| Untracked |  0
|  15|0x00000000a2b00000, 0x00000000a2c00000, 0x00000000a2c00000|100%| O|  |TAMS 0x00000000a2b00000| PB 0x00000000a2b00000| Untracked |  0
|  16|0x00000000a2c00000, 0x00000000a2d00000, 0x00000000a2d00000|100%| O|  |TAMS 0x00000000a2c00000| PB 0x00000000a2c00000| Untracked |  0
|  17|0x00000000a2d00000, 0x00000000a2e00000, 0x00000000a2e00000|100%| O|  |TAMS 0x00000000a2d00000| PB 0x00000000a2d00000| Untracked |  0
|  18|0x00000000a2e00000, 0x00000000a2f00000, 0x00000000a2f00000|100%| O|  |TAMS 0x00000000a2e00000| PB 0x00000000a2e00000| Untracked |  0
|  19|0x00000000a2f00000, 0x00000000a3000000, 0x00000000a3000000|100%| O|  |TAMS 0x00000000a2f00000| PB 0x00000000a2f00000| Untracked |  0
|  20|0x00000000a3000000, 0x00000000a3100000, 0x00000000a3100000|100%| O|  |TAMS 0x00000000a3000000| PB 0x00000000a3000000| Untracked |  0
|  21|0x00000000a3100000, 0x00000000a3200000, 0x00000000a3200000|100%| O|  |TAMS 0x00000000a3100000| PB 0x00000000a3100000| Untracked |  0
|  22|0x00000000a3200000, 0x00000000a3300000, 0x00000000a3300000|100%| O|  |TAMS 0x00000000a3200000| PB 0x00000000a3200000| Untracked |  0
|  23|0x00000000a3300000, 0x00000000a3400000, 0x00000000a3400000|100%| O|  |TAMS 0x00000000a3300000| PB 0x00000000a3300000| Untracked |  0
|  24|0x00000000a3400000, 0x00000000a3500000, 0x00000000a3500000|100%| O|  |TAMS 0x00000000a3400000| PB 0x00000000a3400000| Untracked |  0
|  25|0x00000000a3500000, 0x00000000a3600000, 0x00000000a3600000|100%| O|  |TAMS 0x00000000a3500000| PB 0x00000000a3500000| Untracked |  0
|  26|0x00000000a3600000, 0x00000000a3700000, 0x00000000a3700000|100%| O|  |TAMS 0x00000000a3600000| PB 0x00000000a3600000| Untracked |  0
|  27|0x00000000a3700000, 0x00000000a3800000, 0x00000000a3800000|100%| O|  |TAMS 0x00000000a3700000| PB 0x00000000a3700000| Untracked |  0
|  28|0x00000000a3800000, 0x00000000a3900000, 0x00000000a3900000|100%| O|Cm|TAMS 0x00000000a3800000| PB 0x00000000a3800000| Complete |  0
|  29|0x00000000a3900000, 0x00000000a3a00000, 0x00000000a3a00000|100%| O|  |TAMS 0x00000000a3900000| PB 0x00000000a3900000| Untracked |  0
|  30|0x00000000a3a00000, 0x00000000a3a749d0, 0x00000000a3b00000| 45%| O|  |TAMS 0x00000000a3a00000| PB 0x00000000a3a00000| Untracked |  0
|  31|0x00000000a3b00000, 0x00000000a3b00000, 0x00000000a3c00000|  0%| F|  |TAMS 0x00000000a3b00000| PB 0x00000000a3b00000| Untracked |  0
|  32|0x00000000a3c00000, 0x00000000a3c00000, 0x00000000a3d00000|  0%| F|  |TAMS 0x00000000a3c00000| PB 0x00000000a3c00000| Untracked |  0
|  33|0x00000000a3d00000, 0x00000000a3d00000, 0x00000000a3e00000|  0%| F|  |TAMS 0x00000000a3d00000| PB 0x00000000a3d00000| Untracked |  0
|  34|0x00000000a3e00000, 0x00000000a3e3a9b0, 0x00000000a3f00000| 22%| S|CS|TAMS 0x00000000a3e00000| PB 0x00000000a3e00000| Complete |  0
|  35|0x00000000a3f00000, 0x00000000a4000000, 0x00000000a4000000|100%| S|CS|TAMS 0x00000000a3f00000| PB 0x00000000a3f00000| Complete |  0
|  36|0x00000000a4000000, 0x00000000a4000000, 0x00000000a4100000|  0%| F|  |TAMS 0x00000000a4000000| PB 0x00000000a4000000| Untracked |  0
|  37|0x00000000a4100000, 0x00000000a4100000, 0x00000000a4200000|  0%| F|  |TAMS 0x00000000a4100000| PB 0x00000000a4100000| Untracked |  0
|  38|0x00000000a4200000, 0x00000000a4200000, 0x00000000a4300000|  0%| F|  |TAMS 0x00000000a4200000| PB 0x00000000a4200000| Untracked |  0
|  39|0x00000000a4300000, 0x00000000a4300000, 0x00000000a4400000|  0%| F|  |TAMS 0x00000000a4300000| PB 0x00000000a4300000| Untracked |  0
|  40|0x00000000a4400000, 0x00000000a4400000, 0x00000000a4500000|  0%| F|  |TAMS 0x00000000a4400000| PB 0x00000000a4400000| Untracked |  0
|  41|0x00000000a4500000, 0x00000000a4500000, 0x00000000a4600000|  0%| F|  |TAMS 0x00000000a4500000| PB 0x00000000a4500000| Untracked |  0
|  42|0x00000000a4600000, 0x00000000a4600000, 0x00000000a4700000|  0%| F|  |TAMS 0x00000000a4600000| PB 0x00000000a4600000| Untracked |  0
|  43|0x00000000a4700000, 0x00000000a4700000, 0x00000000a4800000|  0%| F|  |TAMS 0x00000000a4700000| PB 0x00000000a4700000| Untracked |  0
|  44|0x00000000a4800000, 0x00000000a4800000, 0x00000000a4900000|  0%| F|  |TAMS 0x00000000a4800000| PB 0x00000000a4800000| Untracked |  0
|  45|0x00000000a4900000, 0x00000000a4900000, 0x00000000a4a00000|  0%| F|  |TAMS 0x00000000a4900000| PB 0x00000000a4900000| Untracked |  0
|  46|0x00000000a4a00000, 0x00000000a4a00000, 0x00000000a4b00000|  0%| F|  |TAMS 0x00000000a4a00000| PB 0x00000000a4a00000| Untracked |  0
|  47|0x00000000a4b00000, 0x00000000a4b00000, 0x00000000a4c00000|  0%| F|  |TAMS 0x00000000a4b00000| PB 0x00000000a4b00000| Untracked |  0
|  50|0x00000000a4e00000, 0x00000000a4ec8ba0, 0x00000000a4f00000| 78%| E|  |TAMS 0x00000000a4e00000| PB 0x00000000a4e00000| Complete |  0
|  51|0x00000000a4f00000, 0x00000000a5000000, 0x00000000a5000000|100%| E|CS|TAMS 0x00000000a4f00000| PB 0x00000000a4f00000| Complete |  0
|  52|0x00000000a5000000, 0x00000000a5100000, 0x00000000a5100000|100%| E|CS|TAMS 0x00000000a5000000| PB 0x00000000a5000000| Complete |  1
|  53|0x00000000a5100000, 0x00000000a5200000, 0x00000000a5200000|100%| E|CS|TAMS 0x00000000a5100000| PB 0x00000000a5100000| Complete |  0
|  54|0x00000000a5200000, 0x00000000a5300000, 0x00000000a5300000|100%| E|CS|TAMS 0x00000000a5200000| PB 0x00000000a5200000| Complete |  0
|  55|0x00000000a5300000, 0x00000000a5400000, 0x00000000a5400000|100%| E|CS|TAMS 0x00000000a5300000| PB 0x00000000a5300000| Complete |  0
|  95|0x00000000a7b00000, 0x00000000a7c00000, 0x00000000a7c00000|100%| E|CS|TAMS 0x00000000a7b00000| PB 0x00000000a7b00000| Complete |  0

Card table byte_map: [0x00000217e6f70000,0x00000217e7270000] _byte_map_base: 0x00000217e6a62000

Marking Bits: (CMBitMap*) 0x00000217cf13df10
 Bits: [0x00000217e7270000, 0x00000217e8a00000)

Polling page: 0x00000217ce8b0000

Metaspace:

Usage:
  Non-class:     62.66 MB used.
      Class:     10.05 MB used.
       Both:     72.72 MB used.

Virtual space:
  Non-class space:       64.00 MB reserved,      63.06 MB ( 99%) committed,  1 nodes.
      Class space:        1.00 GB reserved,      10.38 MB (  1%) committed,  1 nodes.
             Both:        1.06 GB reserved,      73.44 MB (  7%) committed. 

Chunk freelists:
   Non-Class:  322.00 KB
       Class:  5.48 MB
        Both:  5.79 MB

MaxMetaspaceSize: unlimited
CompressedClassSpaceSize: 1.00 GB
Initial GC threshold: 21.00 MB
Current GC threshold: 119.94 MB
CDS: on
 - commit_granule_bytes: 65536.
 - commit_granule_words: 8192.
 - virtual_space_node_default_size: 8388608.
 - enlarge_chunks_in_place: 1.
 - use_allocation_guard: 0.


Internal statistics:

num_allocs_failed_limit: 8.
num_arena_births: 1022.
num_arena_deaths: 0.
num_vsnodes_births: 2.
num_vsnodes_deaths: 0.
num_space_committed: 1174.
num_space_uncommitted: 0.
num_chunks_returned_to_freelist: 8.
num_chunks_taken_from_freelist: 3568.
num_chunk_merges: 8.
num_chunk_splits: 2564.
num_chunks_enlarged: 2019.
num_inconsistent_stats: 0.

CodeHeap 'non-profiled nmethods': size=120064Kb used=2778Kb max_used=2778Kb free=117285Kb
 bounds [0x00000217df2f0000, 0x00000217df5b0000, 0x00000217e6830000]
CodeHeap 'profiled nmethods': size=120000Kb used=8910Kb max_used=8910Kb free=111089Kb
 bounds [0x00000217d7830000, 0x00000217d80f0000, 0x00000217ded60000]
CodeHeap 'non-nmethods': size=5696Kb used=1762Kb max_used=1786Kb free=3933Kb
 bounds [0x00000217ded60000, 0x00000217defd0000, 0x00000217df2f0000]
CodeCache: size=245760Kb, used=13450Kb, max_used=13474Kb, free=232307Kb
 total_blobs=7374, nmethods=6580, adapters=699, full_count=0
Compilation: enabled, stopped_count=0, restarted_count=0

Compilation events (20 events):
Event: 148.628 Thread 0x00000217eb4b03b0 nmethod 7512 0x00000217d80e1308 code [0x00000217d80e1480, 0x00000217d80e19c0]
Event: 148.628 Thread 0x00000217eb4b03b0 7515       3       com.fasterxml.jackson.databind.JsonMappingException::prependPath (40 bytes)
Event: 148.628 Thread 0x00000217eb4b03b0 nmethod 7515 0x00000217d80e1a08 code [0x00000217d80e1b60, 0x00000217d80e2010]
Event: 148.628 Thread 0x00000217eb4b03b0 7516       3       java.util.LinkedList::addFirst (6 bytes)
Event: 148.629 Thread 0x00000217eb4b03b0 nmethod 7516 0x00000217d80e2088 code [0x00000217d80e21a0, 0x00000217d80e22d8]
Event: 148.629 Thread 0x00000217eb4b03b0 7517       3       java.util.LinkedList::linkFirst (59 bytes)
Event: 148.629 Thread 0x00000217eb4b03b0 nmethod 7517 0x00000217d80e2388 code [0x00000217d80e24c0, 0x00000217d80e2910]
Event: 148.629 Thread 0x00000217eb4b03b0 7518       3       com.fasterxml.jackson.databind.ser.BeanPropertyWriter::getName (8 bytes)
Event: 148.630 Thread 0x00000217eb4b03b0 nmethod 7518 0x00000217d80e2988 code [0x00000217d80e2aa0, 0x00000217d80e2bd0]
Event: 148.639 Thread 0x00000217eb4b03b0 7521       3       java.util.regex.Pattern$BitClass::is (22 bytes)
Event: 148.639 Thread 0x00000217eb4b03b0 nmethod 7521 0x00000217d80e2c88 code [0x00000217d80e2da0, 0x00000217d80e2f58]
Event: 148.641 Thread 0x00000217eb4b03b0 7522       3       org.apache.tomcat.util.buf.MessageBytes::recycle (35 bytes)
Event: 148.641 Thread 0x00000217eb4b03b0 nmethod 7522 0x00000217d80e2f88 code [0x00000217d80e30c0, 0x00000217d80e3410]
Event: 148.642 Thread 0x00000217eb4b03b0 7523       3       org.apache.tomcat.util.buf.ByteChunk::recycle (10 bytes)
Event: 148.642 Thread 0x00000217eb4b03b0 nmethod 7523 0x00000217d80e3488 code [0x00000217d80e35a0, 0x00000217d80e3748]
Event: 149.648 Thread 0x00000217eb4b03b0 7524       3       org.apache.tomcat.util.net.NioEndpoint$NioSocketWrapper::interestOpsHas (16 bytes)
Event: 149.648 Thread 0x00000217eb4b03b0 nmethod 7524 0x00000217d80e3788 code [0x00000217d80e38a0, 0x00000217d80e3a28]
Event: 149.648 Thread 0x00000217eb4b03b0 7525       1       org.apache.tomcat.util.net.SocketProperties::getTimeoutInterval (5 bytes)
Event: 149.648 Thread 0x00000217eb4b03b0 nmethod 7525 0x00000217df5a6788 code [0x00000217df5a68a0, 0x00000217df5a6968]
Event: 166.777 Thread 0x00000217eb4aece0 7526       4       jdk.internal.misc.Unsafe::putReferenceOpaque (9 bytes)

GC Heap History (20 events):
Event: 9.065 GC heap before
{Heap before GC invocations=9 (full 0):
 garbage-first heap   total reserved 1544192K, committed 48128K, used 40115K [0x00000000a1c00000, 0x0000000100000000)
  region size 1024K, 20 young (20480K), 1 survivors (1024K)
 Metaspace       used 39705K, committed 40256K, reserved 1114112K
  class space    used 5443K, committed 5696K, reserved 1048576K
}
Event: 9.068 GC heap after
{Heap after GC invocations=10 (full 0):
 garbage-first heap   total reserved 1544192K, committed 48128K, used 21503K [0x00000000a1c00000, 0x0000000100000000)
  region size 1024K, 2 young (2048K), 2 survivors (2048K)
 Metaspace       used 39705K, committed 40256K, reserved 1114112K
  class space    used 5443K, committed 5696K, reserved 1048576K
}
Event: 10.411 GC heap before
{Heap before GC invocations=10 (full 0):
 garbage-first heap   total reserved 1544192K, committed 48128K, used 39935K [0x00000000a1c00000, 0x0000000100000000)
  region size 1024K, 21 young (21504K), 2 survivors (2048K)
 Metaspace       used 48632K, committed 49216K, reserved 1114112K
  class space    used 6565K, committed 6848K, reserved 1048576K
}
Event: 10.417 GC heap after
{Heap after GC invocations=11 (full 0):
 garbage-first heap   total reserved 1544192K, committed 48128K, used 23466K [0x00000000a1c00000, 0x0000000100000000)
  region size 1024K, 3 young (3072K), 3 survivors (3072K)
 Metaspace       used 48632K, committed 49216K, reserved 1114112K
  class space    used 6565K, committed 6848K, reserved 1048576K
}
Event: 11.260 GC heap before
{Heap before GC invocations=11 (full 0):
 garbage-first heap   total reserved 1544192K, committed 48128K, used 41898K [0x00000000a1c00000, 0x0000000100000000)
  region size 1024K, 21 young (21504K), 3 survivors (3072K)
 Metaspace       used 52592K, committed 53120K, reserved 1114112K
  class space    used 7052K, committed 7296K, reserved 1048576K
}
Event: 11.264 GC heap after
{Heap after GC invocations=12 (full 0):
 garbage-first heap   total reserved 1544192K, committed 48128K, used 24831K [0x00000000a1c00000, 0x0000000100000000)
  region size 1024K, 2 young (2048K), 2 survivors (2048K)
 Metaspace       used 52592K, committed 53120K, reserved 1114112K
  class space    used 7052K, committed 7296K, reserved 1048576K
}
Event: 12.211 GC heap before
{Heap before GC invocations=12 (full 0):
 garbage-first heap   total reserved 1544192K, committed 48128K, used 40191K [0x00000000a1c00000, 0x0000000100000000)
  region size 1024K, 18 young (18432K), 2 survivors (2048K)
 Metaspace       used 57860K, committed 58368K, reserved 1114112K
  class space    used 7952K, committed 8192K, reserved 1048576K
}
Event: 12.215 GC heap after
{Heap after GC invocations=13 (full 0):
 garbage-first heap   total reserved 1544192K, committed 48128K, used 25540K [0x00000000a1c00000, 0x0000000100000000)
  region size 1024K, 2 young (2048K), 2 survivors (2048K)
 Metaspace       used 57860K, committed 58368K, reserved 1114112K
  class space    used 7952K, committed 8192K, reserved 1048576K
}
Event: 12.990 GC heap before
{Heap before GC invocations=14 (full 0):
 garbage-first heap   total reserved 1544192K, committed 48128K, used 40900K [0x00000000a1c00000, 0x0000000100000000)
  region size 1024K, 18 young (18432K), 2 survivors (2048K)
 Metaspace       used 60105K, committed 60672K, reserved 1114112K
  class space    used 8328K, committed 8576K, reserved 1048576K
}
Event: 12.994 GC heap after
{Heap after GC invocations=15 (full 0):
 garbage-first heap   total reserved 1544192K, committed 48128K, used 25900K [0x00000000a1c00000, 0x0000000100000000)
  region size 1024K, 2 young (2048K), 2 survivors (2048K)
 Metaspace       used 60105K, committed 60672K, reserved 1114112K
  class space    used 8328K, committed 8576K, reserved 1048576K
}
Event: 16.251 GC heap before
{Heap before GC invocations=15 (full 0):
 garbage-first heap   total reserved 1544192K, committed 48128K, used 40236K [0x00000000a1c00000, 0x0000000100000000)
  region size 1024K, 17 young (17408K), 2 survivors (2048K)
 Metaspace       used 63262K, committed 63872K, reserved 1114112K
  class space    used 8727K, committed 9024K, reserved 1048576K
}
Event: 16.255 GC heap after
{Heap after GC invocations=16 (full 0):
 garbage-first heap   total reserved 1544192K, committed 48128K, used 27152K [0x00000000a1c00000, 0x0000000100000000)
  region size 1024K, 3 young (3072K), 3 survivors (3072K)
 Metaspace       used 63262K, committed 63872K, reserved 1114112K
  class space    used 8727K, committed 9024K, reserved 1048576K
}
Event: 16.788 GC heap before
{Heap before GC invocations=16 (full 0):
 garbage-first heap   total reserved 1544192K, committed 48128K, used 41488K [0x00000000a1c00000, 0x0000000100000000)
  region size 1024K, 17 young (17408K), 3 survivors (3072K)
 Metaspace       used 66363K, committed 67008K, reserved 1114112K
  class space    used 9171K, committed 9408K, reserved 1048576K
}
Event: 16.793 GC heap after
{Heap after GC invocations=17 (full 0):
 garbage-first heap   total reserved 1544192K, committed 48128K, used 28352K [0x00000000a1c00000, 0x0000000100000000)
  region size 1024K, 3 young (3072K), 3 survivors (3072K)
 Metaspace       used 66363K, committed 67008K, reserved 1114112K
  class space    used 9171K, committed 9408K, reserved 1048576K
}
Event: 17.220 GC heap before
{Heap before GC invocations=18 (full 0):
 garbage-first heap   total reserved 1544192K, committed 50176K, used 40640K [0x00000000a1c00000, 0x0000000100000000)
  region size 1024K, 15 young (15360K), 3 survivors (3072K)
 Metaspace       used 67451K, committed 68032K, reserved 1114112K
  class space    used 9341K, committed 9600K, reserved 1048576K
}
Event: 17.225 GC heap after
{Heap after GC invocations=19 (full 0):
 garbage-first heap   total reserved 1544192K, committed 50176K, used 29892K [0x00000000a1c00000, 0x0000000100000000)
  region size 1024K, 2 young (2048K), 2 survivors (2048K)
 Metaspace       used 67451K, committed 68032K, reserved 1114112K
  class space    used 9341K, committed 9600K, reserved 1048576K
}
Event: 17.689 GC heap before
{Heap before GC invocations=19 (full 0):
 garbage-first heap   total reserved 1544192K, committed 50176K, used 44228K [0x00000000a1c00000, 0x0000000100000000)
  region size 1024K, 16 young (16384K), 2 survivors (2048K)
 Metaspace       used 69114K, committed 69760K, reserved 1114112K
  class space    used 9563K, committed 9856K, reserved 1048576K
}
Event: 17.693 GC heap after
{Heap after GC invocations=20 (full 0):
 garbage-first heap   total reserved 1544192K, committed 50176K, used 31250K [0x00000000a1c00000, 0x0000000100000000)
  region size 1024K, 2 young (2048K), 2 survivors (2048K)
 Metaspace       used 69114K, committed 69760K, reserved 1114112K
  class space    used 9563K, committed 9856K, reserved 1048576K
}
Event: 34.091 GC heap before
{Heap before GC invocations=20 (full 0):
 garbage-first heap   total reserved 1544192K, committed 50176K, used 43538K [0x00000000a1c00000, 0x0000000100000000)
  region size 1024K, 15 young (15360K), 2 survivors (2048K)
 Metaspace       used 72961K, committed 73664K, reserved 1114112K
  class space    used 10115K, committed 10432K, reserved 1048576K
}
Event: 34.100 GC heap after
{Heap after GC invocations=21 (full 0):
 garbage-first heap   total reserved 1544192K, committed 50176K, used 32444K [0x00000000a1c00000, 0x0000000100000000)
  region size 1024K, 2 young (2048K), 2 survivors (2048K)
 Metaspace       used 72961K, committed 73664K, reserved 1114112K
  class space    used 10115K, committed 10432K, reserved 1048576K
}

Dll operation events (13 events):
Event: 0.042 Loaded shared library C:\Program Files\Java\jdk-23\bin\java.dll
Event: 0.114 Loaded shared library C:\Program Files\Java\jdk-23\bin\jsvml.dll
Event: 0.388 Loaded shared library C:\Program Files\Java\jdk-23\bin\zip.dll
Event: 0.397 Loaded shared library C:\Program Files\Java\jdk-23\bin\instrument.dll
Event: 0.412 Loaded shared library C:\Program Files\Java\jdk-23\bin\net.dll
Event: 0.418 Loaded shared library C:\Program Files\Java\jdk-23\bin\nio.dll
Event: 0.427 Loaded shared library C:\Program Files\Java\jdk-23\bin\zip.dll
Event: 0.730 Loaded shared library C:\Program Files\Java\jdk-23\bin\extnet.dll
Event: 0.786 Loaded shared library C:\Program Files\Java\jdk-23\bin\jimage.dll
Event: 5.375 Loaded shared library C:\Program Files\Java\jdk-23\bin\sunmscapi.dll
Event: 7.252 Loaded shared library C:\Program Files\Java\jdk-23\bin\management.dll
Event: 7.275 Loaded shared library C:\Program Files\Java\jdk-23\bin\management_ext.dll
Event: 8.580 Loaded shared library C:\Program Files\Java\jdk-23\bin\verify.dll

Deoptimization events (20 events):
Event: 33.709 Thread 0x00000217c75a3890 Uncommon trap: trap_request=0xffffff45 fr.pc=0x00000217df4bd7d4 relative=0x00000000000011b4
Event: 33.709 Thread 0x00000217c75a3890 Uncommon trap: reason=unstable_if action=reinterpret pc=0x00000217df4bd7d4 method=jdk.internal.org.objectweb.asm.Frame.execute(IILjdk/internal/org/objectweb/asm/Symbol;Ljdk/internal/org/objectweb/asm/SymbolTable;)V @ 1 c2
Event: 33.709 Thread 0x00000217c75a3890 DEOPT PACKING pc=0x00000217df4bd7d4 sp=0x000000a49a8fc2d0
Event: 33.709 Thread 0x00000217c75a3890 DEOPT UNPACKING pc=0x00000217dedb4402 sp=0x000000a49a8fc258 mode 2
Event: 33.719 Thread 0x00000217c75a3890 Uncommon trap: trap_request=0xffffff45 fr.pc=0x00000217df4ef1d4 relative=0x0000000000000454
Event: 33.720 Thread 0x00000217c75a3890 Uncommon trap: reason=unstable_if action=reinterpret pc=0x00000217df4ef1d4 method=jdk.internal.org.objectweb.asm.MethodWriter.visitVarInsn(II)V @ 242 c2
Event: 33.720 Thread 0x00000217c75a3890 DEOPT PACKING pc=0x00000217df4ef1d4 sp=0x000000a49a8fc970
Event: 33.720 Thread 0x00000217c75a3890 DEOPT UNPACKING pc=0x00000217dedb4402 sp=0x000000a49a8fc918 mode 2
Event: 34.035 Thread 0x00000217c75a3890 Uncommon trap: trap_request=0xffffffc6 fr.pc=0x00000217df537df0 relative=0x0000000000001670
Event: 34.035 Thread 0x00000217c75a3890 Uncommon trap: reason=bimorphic_or_optimized_type_check action=maybe_recompile pc=0x00000217df537df0 method=org.springframework.core.annotation.AnnotationsScanner.processMethodHierarchy(Ljava/lang/Object;[ILjava/lang/Class;Lorg/springframework/core/annota
Event: 34.035 Thread 0x00000217c75a3890 DEOPT PACKING pc=0x00000217df537df0 sp=0x000000a49a8fd1d0
Event: 34.035 Thread 0x00000217c75a3890 DEOPT UNPACKING pc=0x00000217dedb4402 sp=0x000000a49a8fd1b8 mode 2
Event: 34.071 Thread 0x00000217c75a3890 Uncommon trap: trap_request=0xffffffc6 fr.pc=0x00000217df537df0 relative=0x0000000000001670
Event: 34.071 Thread 0x00000217c75a3890 Uncommon trap: reason=bimorphic_or_optimized_type_check action=maybe_recompile pc=0x00000217df537df0 method=org.springframework.core.annotation.AnnotationsScanner.processMethodHierarchy(Ljava/lang/Object;[ILjava/lang/Class;Lorg/springframework/core/annota
Event: 34.071 Thread 0x00000217c75a3890 DEOPT PACKING pc=0x00000217df537df0 sp=0x000000a49a8fd750
Event: 34.071 Thread 0x00000217c75a3890 DEOPT UNPACKING pc=0x00000217dedb4402 sp=0x000000a49a8fd738 mode 2
Event: 34.268 Thread 0x00000217c75a3890 Uncommon trap: trap_request=0xffffff45 fr.pc=0x00000217df41646c relative=0x000000000000030c
Event: 34.268 Thread 0x00000217c75a3890 Uncommon trap: reason=unstable_if action=reinterpret pc=0x00000217df41646c method=java.util.HashMap.getNode(Ljava/lang/Object;)Ljava/util/HashMap$Node; @ 66 c2
Event: 34.268 Thread 0x00000217c75a3890 DEOPT PACKING pc=0x00000217df41646c sp=0x000000a49a8fcd80
Event: 34.268 Thread 0x00000217c75a3890 DEOPT UNPACKING pc=0x00000217dedb4402 sp=0x000000a49a8fcca0 mode 2

Classes loaded (20 events):
Event: 34.067 Loading class java/util/stream/ReferencePipeline$4$1
Event: 34.067 Loading class java/util/stream/ReferencePipeline$4$1 done
Event: 34.261 Loading class java/util/stream/LongStream
Event: 34.264 Loading class java/util/stream/LongStream done
Event: 34.264 Loading class java/util/stream/DoubleStream
Event: 34.265 Loading class java/util/stream/DoubleStream done
Event: 148.326 Loading class jdk/internal/reflect/MethodHandleDoubleFieldAccessorImpl
Event: 148.330 Loading class jdk/internal/reflect/MethodHandleDoubleFieldAccessorImpl done
Event: 148.365 Loading class jdk/internal/reflect/MethodHandleBooleanFieldAccessorImpl
Event: 148.367 Loading class jdk/internal/reflect/MethodHandleBooleanFieldAccessorImpl done
Event: 148.584 Loading class sun/util/resources/LocaleData$CommonResourceBundleProvider
Event: 148.586 Loading class sun/util/resources/LocaleData$LocaleDataResourceBundleProvider
Event: 148.586 Loading class java/util/spi/ResourceBundleProvider
Event: 148.587 Loading class java/util/spi/ResourceBundleProvider done
Event: 148.587 Loading class sun/util/resources/LocaleData$LocaleDataResourceBundleProvider done
Event: 148.587 Loading class sun/util/resources/LocaleData$CommonResourceBundleProvider done
Event: 148.589 Loading class java/util/ArrayList$SubList$1
Event: 148.591 Loading class java/util/ArrayList$SubList$1 done
Event: 148.591 Loading class sun/util/resources/Bundles$2
Event: 148.592 Loading class sun/util/resources/Bundles$2 done

Classes unloaded (0 events):
No events

Classes redefined (0 events):
No events

Internal exceptions (20 events):
Event: 16.907 Thread 0x00000217ccdbb9d0 Exception <a 'java/lang/NoSuchMethodError'{0x00000000a52f35f8}: 'java.lang.Object java.lang.invoke.DirectMethodHandle$Holder.invokeInterface(java.lang.Object, java.lang.Object, java.lang.Object, java.lang.Object)'> (0x00000000a52f35f8) 
thrown [s\open\src\hotspot\share\interpreter\linkResolver.cpp, line 796]
Event: 16.955 Thread 0x00000217ccdbb9d0 Exception <a 'java/lang/NoSuchMethodError'{0x00000000a5043398}: 'java.lang.Object java.lang.invoke.DirectMethodHandle$Holder.newInvokeSpecial(java.lang.Object, java.lang.Object, java.lang.Object, java.lang.Object, java.lang.Object, java.lang.Object, java.lang.Object, java.lang.Object)'> (0x00000000a5043398) 
thrown [s\open\src\hotspot\share\interpreter\linkResolver.cpp, line 796]
Event: 17.274 Thread 0x00000217ccdbb9d0 Exception <a 'java/lang/IncompatibleClassChangeError'{0x00000000a5395e20}: Found class java.lang.Object, but interface was expected> (0x00000000a5395e20) 
thrown [s\open\src\hotspot\share\interpreter\linkResolver.cpp, line 863]
Event: 17.342 Thread 0x00000217ccdbb9d0 Exception <a 'java/lang/NoSuchMethodError'{0x00000000a51286d0}: 'void java.lang.invoke.DirectMethodHandle$Holder.invokeVirtual(java.lang.Object, java.lang.Object, long)'> (0x00000000a51286d0) 
thrown [s\open\src\hotspot\share\interpreter\linkResolver.cpp, line 796]
Event: 17.427 Thread 0x00000217ccdbb9d0 Exception <a 'java/lang/NoSuchMethodError'{0x00000000a4f5d6d0}: 'int java.lang.invoke.DirectMethodHandle$Holder.invokeStaticInit(java.lang.Object, java.lang.Object, java.lang.Object, java.lang.Object)'> (0x00000000a4f5d6d0) 
thrown [s\open\src\hotspot\share\interpreter\linkResolver.cpp, line 796]
Event: 17.498 Thread 0x00000217ccdbb9d0 Exception <a 'java/lang/IncompatibleClassChangeError'{0x00000000a452cc50}: Found class java.lang.Object, but interface was expected> (0x00000000a452cc50) 
thrown [s\open\src\hotspot\share\interpreter\linkResolver.cpp, line 863]
Event: 17.519 Thread 0x00000217ccdbb9d0 Implicit null exception at 0x00000217df4029e8 to 0x00000217df402c3c
Event: 17.702 Thread 0x00000217ccdbb9d0 Exception <a 'java/lang/NoSuchMethodError'{0x00000000a7b3a550}: 'java.lang.Object java.lang.invoke.DirectMethodHandle$Holder.newInvokeSpecial(java.lang.Object, java.lang.Object, int, java.lang.Object, java.lang.Object)'> (0x00000000a7b3a550) 
thrown [s\open\src\hotspot\share\interpreter\linkResolver.cpp, line 796]
Event: 32.803 Thread 0x00000217c75a0410 Exception <a 'java/lang/NoSuchMethodError'{0x00000000a513ab60}: 'java.lang.Object java.lang.invoke.DirectMethodHandle$Holder.invokeSpecial(java.lang.Object, java.lang.Object, java.lang.Object, java.lang.Object, java.lang.Object, long)'> (0x00000000a513ab60) 
thrown [s\open\src\hotspot\share\interpreter\linkResolver.cpp, line 796]
Event: 32.803 Thread 0x00000217c75a0410 Exception <a 'java/lang/NoSuchMethodError'{0x00000000a513e2f0}: 'java.lang.Object java.lang.invoke.Invokers$Holder.linkToTargetMethod(java.lang.Object, java.lang.Object, java.lang.Object, long, java.lang.Object)'> (0x00000000a513e2f0) 
thrown [s\open\src\hotspot\share\interpreter\linkResolver.cpp, line 796]
Event: 33.708 Thread 0x00000217c75a3890 Exception <a 'java/lang/NoSuchMethodError'{0x00000000a431f5e0}: 'void java.lang.invoke.DirectMethodHandle$Holder.invokeVirtual(java.lang.Object, java.lang.Object, double)'> (0x00000000a431f5e0) 
thrown [s\open\src\hotspot\share\interpreter\linkResolver.cpp, line 796]
Event: 33.710 Thread 0x00000217c75a3890 Exception <a 'java/lang/NoSuchMethodError'{0x00000000a432a068}: 'double java.lang.invoke.DelegatingMethodHandle$Holder.reinvoke_L(java.lang.Object, java.lang.Object, int)'> (0x00000000a432a068) 
thrown [s\open\src\hotspot\share\interpreter\linkResolver.cpp, line 796]
Event: 33.718 Thread 0x00000217c75a3890 Exception <a 'java/lang/NoSuchMethodError'{0x00000000a4334090}: 'void java.lang.invoke.DelegatingMethodHandle$Holder.reinvoke_L(java.lang.Object, java.lang.Object, double)'> (0x00000000a4334090) 
thrown [s\open\src\hotspot\share\interpreter\linkResolver.cpp, line 796]
Event: 33.824 Thread 0x00000217c75a3890 Exception <a 'java/lang/NoSuchMethodError'{0x00000000a423ee78}: 'java.lang.Object java.lang.invoke.DirectMethodHandle$Holder.invokeInterface(java.lang.Object, java.lang.Object, java.lang.Object, java.lang.Object, java.lang.Object)'> (0x00000000a423ee78) 
thrown [s\open\src\hotspot\share\interpreter\linkResolver.cpp, line 796]
Event: 33.858 Thread 0x00000217c75a3890 Exception <a 'java/lang/NoSuchMethodError'{0x00000000a4292758}: 'void java.lang.invoke.DirectMethodHandle$Holder.invokeSpecialIFC(java.lang.Object, java.lang.Object, int, java.lang.Object, java.lang.Object, java.lang.Object, java.lang.Object)'> (0x00000000a4292758) 
thrown [s\open\src\hotspot\share\interpreter\linkResolver.cpp, line 796]
Event: 62.131 Thread 0x00000217c759f060 Exception <a 'java/lang/NoSuchMethodError'{0x00000000a524a0b8}: 'int java.lang.invoke.DirectMethodHandle$Holder.invokeStatic(java.lang.Object, java.lang.Object, int, int)'> (0x00000000a524a0b8) 
thrown [s\open\src\hotspot\share\interpreter\linkResolver.cpp, line 796]
Event: 148.332 Thread 0x00000217c759f6f0 Exception <a 'java/lang/NoSuchMethodError'{0x00000000a4f27d28}: 'double java.lang.invoke.DelegatingMethodHandle$Holder.reinvoke_L(java.lang.Object, java.lang.Object)'> (0x00000000a4f27d28) 
thrown [s\open\src\hotspot\share\interpreter\linkResolver.cpp, line 796]
Event: 148.337 Thread 0x00000217c759f6f0 Exception <a 'java/lang/NoSuchMethodError'{0x00000000a4f31f38}: 'double java.lang.invoke.Invokers$Holder.invokeExact_MT(java.lang.Object, java.lang.Object, java.lang.Object)'> (0x00000000a4f31f38) 
thrown [s\open\src\hotspot\share\interpreter\linkResolver.cpp, line 796]
Event: 148.340 Thread 0x00000217c759f6f0 Exception <a 'java/lang/NoSuchMethodError'{0x00000000a4f3b460}: 'int java.lang.invoke.Invokers$Holder.invokeExact_MT(java.lang.Object, java.lang.Object, java.lang.Object)'> (0x00000000a4f3b460) 
thrown [s\open\src\hotspot\share\interpreter\linkResolver.cpp, line 796]
Event: 148.429 Thread 0x00000217c759f6f0 Exception <a 'java/lang/NoSuchMethodError'{0x00000000a4fa2030}: 'double java.lang.invoke.DirectMethodHandle$Holder.invokeVirtual(java.lang.Object, java.lang.Object)'> (0x00000000a4fa2030) 
thrown [s\open\src\hotspot\share\interpreter\linkResolver.cpp, line 796]

VM Operations (20 events):
Event: 33.263 Executing VM operation: HandshakeAllThreads (Deoptimize)
Event: 33.263 Executing VM operation: HandshakeAllThreads (Deoptimize) done
Event: 33.454 Executing VM operation: HandshakeAllThreads (Deoptimize)
Event: 33.454 Executing VM operation: HandshakeAllThreads (Deoptimize) done
Event: 34.089 Executing VM operation: HandshakeAllThreads (Deoptimize)
Event: 34.089 Executing VM operation: HandshakeAllThreads (Deoptimize) done
Event: 34.091 Executing VM operation: G1CollectForAllocation (G1 Evacuation Pause)
Event: 34.100 Executing VM operation: G1CollectForAllocation (G1 Evacuation Pause) done
Event: 34.152 Executing VM operation: G1PauseRemark
Event: 34.158 Executing VM operation: G1PauseRemark done
Event: 34.177 Executing VM operation: G1PauseCleanup
Event: 34.189 Executing VM operation: G1PauseCleanup done
Event: 60.064 Executing VM operation: HandshakeAllThreads (HandshakeForDeflation)
Event: 60.064 Executing VM operation: HandshakeAllThreads (HandshakeForDeflation) done
Event: 60.064 Executing VM operation: RendezvousGCThreads
Event: 60.064 Executing VM operation: RendezvousGCThreads done
Event: 62.039 Executing VM operation: HandshakeAllThreads (Deoptimize)
Event: 62.039 Executing VM operation: HandshakeAllThreads (Deoptimize) done
Event: 62.181 Executing VM operation: HandshakeAllThreads (Deoptimize)
Event: 62.181 Executing VM operation: HandshakeAllThreads (Deoptimize) done

Memory protections (0 events):
No events

Nmethod flushes (20 events):
Event: 34.156 Thread 0x00000217eb4824f0 flushing  nmethod 0x00000217d78fe088
Event: 34.156 Thread 0x00000217eb4824f0 flushing  nmethod 0x00000217d7922108
Event: 34.156 Thread 0x00000217eb4824f0 flushing  nmethod 0x00000217d7932808
Event: 34.156 Thread 0x00000217eb4824f0 flushing  nmethod 0x00000217d7978c08
Event: 34.156 Thread 0x00000217eb4824f0 flushing  nmethod 0x00000217d799f788
Event: 34.156 Thread 0x00000217eb4824f0 flushing  nmethod 0x00000217d79a1188
Event: 34.156 Thread 0x00000217eb4824f0 flushing  nmethod 0x00000217d79a2788
Event: 34.156 Thread 0x00000217eb4824f0 flushing  nmethod 0x00000217d7a28e88
Event: 34.156 Thread 0x00000217eb4824f0 flushing  nmethod 0x00000217d7a29508
Event: 34.156 Thread 0x00000217eb4824f0 flushing  nmethod 0x00000217d7aafd88
Event: 34.156 Thread 0x00000217eb4824f0 flushing  nmethod 0x00000217d7ab3808
Event: 34.156 Thread 0x00000217eb4824f0 flushing  nmethod 0x00000217d7aeb888
Event: 34.156 Thread 0x00000217eb4824f0 flushing  nmethod 0x00000217d7c84f88
Event: 34.156 Thread 0x00000217eb4824f0 flushing  nmethod 0x00000217d7cf8888
Event: 34.156 Thread 0x00000217eb4824f0 flushing  nmethod 0x00000217d7d60f88
Event: 34.156 Thread 0x00000217eb4824f0 flushing  nmethod 0x00000217d7e7db88
Event: 34.156 Thread 0x00000217eb4824f0 flushing  nmethod 0x00000217d7f8a588
Event: 34.156 Thread 0x00000217eb4824f0 flushing  nmethod 0x00000217d7f8c208
Event: 34.156 Thread 0x00000217eb4824f0 flushing  nmethod 0x00000217d7f8e188
Event: 34.157 Thread 0x00000217eb4824f0 flushing  nmethod 0x00000217d8035a08

Events (20 events):
Event: 7.564 Thread 0x00000217c78190d0 Thread added: 0x00000217c7819740
Event: 7.574 Thread 0x00000217ccdbb9d0 Thread added: 0x00000217c681b9b0
Event: 7.647 Thread 0x00000217ccdbb9d0 Thread added: 0x00000217c7008090
Event: 9.987 Thread 0x00000217ccdbb9d0 Thread added: 0x00000217c61f5d60
Event: 10.107 Thread 0x00000217c61f5d60 Thread added: 0x00000217c61f6a80
Event: 15.271 Thread 0x00000217c61f6a80 Thread exited: 0x00000217c61f6a80
Event: 17.717 Thread 0x00000217ccdbb9d0 Thread added: 0x00000217c75a0410
Event: 17.718 Thread 0x00000217ccdbb9d0 Thread added: 0x00000217c75a3890
Event: 17.718 Thread 0x00000217ccdbb9d0 Thread added: 0x00000217c75a2b70
Event: 17.718 Thread 0x00000217ccdbb9d0 Thread added: 0x00000217c759f060
Event: 17.718 Thread 0x00000217ccdbb9d0 Thread added: 0x00000217c75a17c0
Event: 17.718 Thread 0x00000217ccdbb9d0 Thread added: 0x00000217c75a3200
Event: 17.718 Thread 0x00000217ccdbb9d0 Thread added: 0x00000217c75a3f20
Event: 17.718 Thread 0x00000217ccdbb9d0 Thread added: 0x00000217c759f6f0
Event: 17.719 Thread 0x00000217ccdbb9d0 Thread added: 0x00000217c759fd80
Event: 17.719 Thread 0x00000217ccdbb9d0 Thread added: 0x00000217c75a1e50
Event: 17.738 Thread 0x00000217ccdbb9d0 Thread added: 0x00000217c759cf90
Event: 17.741 Thread 0x00000217ccdbb9d0 Thread added: 0x00000217c75a45b0
Event: 17.769 Thread 0x00000217ccdbb9d0 Thread exited: 0x00000217ccdbb9d0
Event: 17.769 Thread 0x00000217c759d620 Thread added: 0x00000217c759d620


Dynamic libraries:
0x00007ff7b2c90000 - 0x00007ff7b2ca0000 	C:\Program Files\Java\jdk-23\bin\java.exe
0x00007ffdd97b0000 - 0x00007ffdd99c7000 	C:\WINDOWS\SYSTEM32\ntdll.dll
0x00007ffdd83c0000 - 0x00007ffdd8484000 	C:\WINDOWS\System32\KERNEL32.DLL
0x00007ffdd6c00000 - 0x00007ffdd6fd1000 	C:\WINDOWS\System32\KERNELBASE.dll
0x00007ffdd6fe0000 - 0x00007ffdd70f1000 	C:\WINDOWS\System32\ucrtbase.dll
0x00007ffdc92a0000 - 0x00007ffdc92b7000 	C:\Program Files\Java\jdk-23\bin\jli.dll
0x00007ffdc9280000 - 0x00007ffdc929b000 	C:\Program Files\Java\jdk-23\bin\VCRUNTIME140.dll
0x00007ffdd7a50000 - 0x00007ffdd7c01000 	C:\WINDOWS\System32\USER32.dll
0x00007ffdd7330000 - 0x00007ffdd7356000 	C:\WINDOWS\System32\win32u.dll
0x00007ffdc6240000 - 0x00007ffdc64d2000 	C:\WINDOWS\WinSxS\amd64_microsoft.windows.common-controls_6595b64144ccf1df_6.0.22621.4830_none_270fe7d773858e80\COMCTL32.dll
0x00007ffdd8700000 - 0x00007ffdd8729000 	C:\WINDOWS\System32\GDI32.dll
0x00007ffdd6a30000 - 0x00007ffdd6b4b000 	C:\WINDOWS\System32\gdi32full.dll
0x00007ffdd8a80000 - 0x00007ffdd8b27000 	C:\WINDOWS\System32\msvcrt.dll
0x00007ffdd7360000 - 0x00007ffdd73fa000 	C:\WINDOWS\System32\msvcp_win.dll
0x00007ffdd82c0000 - 0x00007ffdd82f1000 	C:\WINDOWS\System32\IMM32.DLL
0x00007ffdd3d40000 - 0x00007ffdd3d4c000 	C:\Program Files\Java\jdk-23\bin\vcruntime140_1.dll
0x00007ffdaeca0000 - 0x00007ffdaed2e000 	C:\Program Files\Java\jdk-23\bin\msvcp140.dll
0x00007ffd53c00000 - 0x00007ffd54950000 	C:\Program Files\Java\jdk-23\bin\server\jvm.dll
0x00007ffdd7990000 - 0x00007ffdd7a41000 	C:\WINDOWS\System32\ADVAPI32.dll
0x00007ffdd8650000 - 0x00007ffdd86f7000 	C:\WINDOWS\System32\sechost.dll
0x00007ffdd6b50000 - 0x00007ffdd6b78000 	C:\WINDOWS\System32\bcrypt.dll
0x00007ffdd81a0000 - 0x00007ffdd82b4000 	C:\WINDOWS\System32\RPCRT4.dll
0x00007ffdd8b30000 - 0x00007ffdd8ba1000 	C:\WINDOWS\System32\WS2_32.dll
0x00007ffdcdc00000 - 0x00007ffdcdc34000 	C:\WINDOWS\SYSTEM32\WINMM.dll
0x00007ffdcdda0000 - 0x00007ffdcddaa000 	C:\WINDOWS\SYSTEM32\VERSION.dll
0x00007ffdd67c0000 - 0x00007ffdd680d000 	C:\WINDOWS\SYSTEM32\POWRPROF.dll
0x00007ffdd67a0000 - 0x00007ffdd67b3000 	C:\WINDOWS\SYSTEM32\UMPDC.dll
0x00007ffdd5940000 - 0x00007ffdd5958000 	C:\WINDOWS\SYSTEM32\kernel.appcore.dll
0x00007ffdd20f0000 - 0x00007ffdd20fa000 	C:\Program Files\Java\jdk-23\bin\jimage.dll
0x00007ffdccce0000 - 0x00007ffdccf12000 	C:\WINDOWS\SYSTEM32\DBGHELP.DLL
0x00007ffdd7590000 - 0x00007ffdd7920000 	C:\WINDOWS\System32\combase.dll
0x00007ffdd8990000 - 0x00007ffdd8a67000 	C:\WINDOWS\System32\OLEAUT32.dll
0x00007ffdc16e0000 - 0x00007ffdc1712000 	C:\WINDOWS\SYSTEM32\dbgcore.DLL
0x00007ffdd7400000 - 0x00007ffdd747b000 	C:\WINDOWS\System32\bcryptPrimitives.dll
0x00007ffdd1df0000 - 0x00007ffdd1dff000 	C:\Program Files\Java\jdk-23\bin\instrument.dll
0x00007ffdc9220000 - 0x00007ffdc923e000 	C:\Program Files\Java\jdk-23\bin\java.dll
0x00007ffdd84a0000 - 0x00007ffdd8641000 	C:\WINDOWS\System32\ole32.dll
0x00007ffdd8cc0000 - 0x00007ffdd9548000 	C:\WINDOWS\System32\SHELL32.dll
0x00007ffdd68f0000 - 0x00007ffdd6a2f000 	C:\WINDOWS\System32\wintypes.dll
0x00007ffdd4850000 - 0x00007ffdd515d000 	C:\WINDOWS\SYSTEM32\windows.storage.dll
0x00007ffdd8bb0000 - 0x00007ffdd8cba000 	C:\WINDOWS\System32\SHCORE.dll
0x00007ffdd7480000 - 0x00007ffdd74de000 	C:\WINDOWS\System32\shlwapi.dll
0x00007ffdd6820000 - 0x00007ffdd684b000 	C:\WINDOWS\SYSTEM32\profapi.dll
0x00007ffdad910000 - 0x00007ffdad9e7000 	C:\Program Files\Java\jdk-23\bin\jsvml.dll
0x00007ffdb2740000 - 0x00007ffdb2757000 	C:\Program Files\Java\jdk-23\bin\zip.dll
0x00007ffdd1d00000 - 0x00007ffdd1d10000 	C:\Program Files\Java\jdk-23\bin\net.dll
0x00007ffdd5db0000 - 0x00007ffdd5e1a000 	C:\WINDOWS\system32\mswsock.dll
0x00007ffdb2760000 - 0x00007ffdb2776000 	C:\Program Files\Java\jdk-23\bin\nio.dll
0x00007ffdceb80000 - 0x00007ffdceb89000 	C:\Program Files\Java\jdk-23\bin\extnet.dll
0x00007ffdc9310000 - 0x00007ffdc931e000 	C:\Program Files\Java\jdk-23\bin\sunmscapi.dll
0x00007ffdd7100000 - 0x00007ffdd7266000 	C:\WINDOWS\System32\CRYPT32.dll
0x00007ffdd61c0000 - 0x00007ffdd61ed000 	C:\WINDOWS\SYSTEM32\ncrypt.dll
0x00007ffdd6180000 - 0x00007ffdd61b7000 	C:\WINDOWS\SYSTEM32\NTASN1.dll
0x00007ffdd6010000 - 0x00007ffdd602b000 	C:\WINDOWS\SYSTEM32\CRYPTSP.dll
0x00007ffdd58a0000 - 0x00007ffdd58d7000 	C:\WINDOWS\system32\rsaenh.dll
0x00007ffdd5ea0000 - 0x00007ffdd5ec8000 	C:\WINDOWS\SYSTEM32\USERENV.dll
0x00007ffdd6000000 - 0x00007ffdd600c000 	C:\WINDOWS\SYSTEM32\CRYPTBASE.dll
0x00007ffdd5400000 - 0x00007ffdd542d000 	C:\WINDOWS\SYSTEM32\IPHLPAPI.DLL
0x00007ffdd8a70000 - 0x00007ffdd8a79000 	C:\WINDOWS\System32\NSI.dll
0x00007ffdc92e0000 - 0x00007ffdc92ea000 	C:\Program Files\Java\jdk-23\bin\management.dll
0x00007ffdc90d0000 - 0x00007ffdc90db000 	C:\Program Files\Java\jdk-23\bin\management_ext.dll
0x00007ffdd8300000 - 0x00007ffdd8308000 	C:\WINDOWS\System32\PSAPI.DLL
0x00007ffdc9040000 - 0x00007ffdc9050000 	C:\Program Files\Java\jdk-23\bin\verify.dll
0x00007ffdd5480000 - 0x00007ffdd5582000 	C:\WINDOWS\SYSTEM32\DNSAPI.dll
0x00007ffdcdbf0000 - 0x00007ffdcdbfa000 	C:\Windows\System32\rasadhlp.dll
0x00007ffdcd7d0000 - 0x00007ffdcd853000 	C:\WINDOWS\System32\fwpuclnt.dll
0x00007ffda1220000 - 0x00007ffda1228000 	C:\WINDOWS\system32\wshunix.dll

dbghelp: loaded successfully - version: 4.0.5 - missing functions: none
symbol engine: initialized successfully - sym options: 0x614 - pdb path: .;C:\Program Files\Java\jdk-23\bin;C:\WINDOWS\SYSTEM32;C:\WINDOWS\WinSxS\amd64_microsoft.windows.common-controls_6595b64144ccf1df_6.0.22621.4830_none_270fe7d773858e80;C:\Program Files\Java\jdk-23\bin\server

VM Arguments:
jvm_args: -javaagent:C:\Users\Kriti\Downloads\ideaIC-2024.3.4.1.win\lib\idea_rt.jar=58449 -Dfile.encoding=UTF-8 -Dsun.stdout.encoding=UTF-8 -Dsun.stderr.encoding=UTF-8 
java_command: com.capstone.landlordInsurance.LandlordInsuranceApplication
java_class_path (initial): C:\Users\Kriti\Pictures\Skill-Arena\landlordInsurance1\target\classes;C:\Users\Kriti\.m2\repository\org\springframework\boot\spring-boot-starter-web\3.4.4\spring-boot-starter-web-3.4.4.jar;C:\Users\Kriti\.m2\repository\org\springframework\boot\spring-boot-starter\3.4.4\spring-boot-starter-3.4.4.jar;C:\Users\Kriti\.m2\repository\org\springframework\boot\spring-boot\3.4.4\spring-boot-3.4.4.jar;C:\Users\Kriti\.m2\repository\org\springframework\boot\spring-boot-autoconfigure\3.4.4\spring-boot-autoconfigure-3.4.4.jar;C:\Users\Kriti\.m2\repository\org\springframework\boot\spring-boot-starter-logging\3.4.4\spring-boot-starter-logging-3.4.4.jar;C:\Users\Kriti\.m2\repository\ch\qos\logback\logback-classic\1.5.18\logback-classic-1.5.18.jar;C:\Users\Kriti\.m2\repository\ch\qos\logback\logback-core\1.5.18\logback-core-1.5.18.jar;C:\Users\Kriti\.m2\repository\org\apache\logging\log4j\log4j-to-slf4j\2.24.3\log4j-to-slf4j-2.24.3.jar;C:\Users\Kriti\.m2\repository\org\apache\logging\log4j\log4j-api\2.24.3\log4j-api-2.24.3.jar;C:\Users\Kriti\.m2\repository\org\slf4j\jul-to-slf4j\2.0.17\jul-to-slf4j-2.0.17.jar;C:\Users\Kriti\.m2\repository\jakarta\annotation\jakarta.annotation-api\2.1.1\jakarta.annotation-api-2.1.1.jar;C:\Users\Kriti\.m2\repository\org\yaml\snakeyaml\2.3\snakeyaml-2.3.jar;C:\Users\Kriti\.m2\repository\org\springframework\boot\spring-boot-starter-json\3.4.4\spring-boot-starter-json-3.4.4.jar;C:\Users\Kriti\.m2\repository\com\fasterxml\jackson\datatype\jackson-datatype-jdk8\2.18.3\jackson-datatype-jdk8-2.18.3.jar;C:\Users\Kriti\.m2\repository\com\fasterxml\jackson\datatype\jackson-datatype-jsr310\2.18.3\jackson-datatype-jsr310-2.18.3.jar;C:\Users\Kriti\.m2\repository\com\fasterxml\jackson\module\jackson-module-parameter-names\2.18.3\jackson-module-parameter-names-2.18.3.jar;C:\Users\Kriti\.m2\repository\org\springframework\boot\spring-boot-starter-tomcat\3.4.4\spring-boot-starter-tomcat-3.4.4.jar;C:\Users\Kriti\.m2\repository\org\apache\tomcat\embed\tomcat-embed-core\10.1.39\tomcat-embed-core-10.1.39.jar;C:\Users\Kriti\.m2\repository\org\apache\tomcat\embed\tomcat-embed-websocket\10.1.39\tomcat-embed-websocket-10.1.39.jar;C:\Users\Kriti\.m2\repository\org\springframework\spring-web\6.2.5\spring-web-6.2.5.jar;C:\Users\Kriti\.m2\repository\org\springframework\spring-beans\6.2.5\spring-beans-6.2.5.jar;C:\Users\Kriti\.m2\repository\io\micrometer\micrometer-observation\1.14.5\micrometer-observation-1.14.5.jar;C:\Users\Kriti\.m2\repository\io\micrometer\micrometer-commons\1.14.5\micrometer-commons-1.14.5.jar;C:\Users\Kriti\.m2\repository\org\springframework\spring-webmvc\6.2.5\spring-webmvc-6.2.5.jar;C:\Users\Kriti\.m2\repository\org\springframework\spring-aop\6.2.5\spring-aop-6.2.5.jar;C:\Users\Kriti\.m2\repository\org\springframework\spring-context\6.2.5\spring-context-6.2.5.jar;C:\Users\Kriti\.m2\repository\org\springframework\spring-expression\6.2.5\spring-expression-6.2.5.jar;C:\Users\Kriti\.m2\repository\org\slf4j\slf4j-api\2.0.17\slf4j-api-2.0.17.jar;C:\Users\Kriti\.m2\repository\jakarta\xml\bind\jakarta.xml.bind-api\4.0.2\jakarta.xml.bind-api-4.0.2.jar;C:\Users\Kriti\.m2\repository\jakarta\activation\jakarta.activation-api\2.1.3\jakarta.activation-api-2.1.3.jar;C:\Users\Kriti\.m2\repository\net\bytebuddy\byte-buddy\1.15.11\byte-buddy-1.15.11.jar;C:\Users\Kriti\.m2\repository\org\springframework\spring-core\6.2.5\spring-core-6.2.5.jar;C:\Users\Kriti\.m2\repository\org\springframework\spring-jcl\6.2.5\spring-jcl-6.2.5.jar;C:\Users\Kriti\.m2\repository\org\springframework\boot\spring-boot-starter-validation\3.4.4\spring-boot-starter-validation-3.4.4.jar;C:\Users\Kriti\.m2\repository\org\apache\tomcat\embed\tomcat-embed-el\10.1.39\tomcat-embed-el-10.1.39.jar;C:\Users\Kriti\.m2\repository\org\hibernate\validator\hibernate-validator\8.0.2.Final\hibernate-validator-8.0.2.Final.jar;C:\Users\Kriti\.m2\repository\jakarta\validation\jakarta.validation-api\3.0.2\jakarta.validation-api-3.0.2.jar;C:\Users\Kriti\.m2\repository\org\jboss\logging\jboss-logging\3.6.1.Final\jboss-logging-3.6.1.Final.jar;C:\Users\Kriti\.m2\repository\com\fasterxml\classmate\1.7.0\classmate-1.7.0.jar;C:\Users\Kriti\.m2\repository\org\springframework\boot\spring-boot-starter-data-jpa\3.4.4\spring-boot-starter-data-jpa-3.4.4.jar;C:\Users\Kriti\.m2\repository\org\springframework\boot\spring-boot-starter-jdbc\3.4.4\spring-boot-starter-jdbc-3.4.4.jar;C:\Users\Kriti\.m2\repository\com\zaxxer\HikariCP\5.1.0\HikariCP-5.1.0.jar;C:\Users\Kriti\.m2\repository\org\springframework\spring-jdbc\6.2.5\spring-jdbc-6.2.5.jar;C:\Users\Kriti\.m2\repository\org\hibernate\orm\hibernate-core\6.6.11.Final\hibernate-core-6.6.11.Final.jar;C:\Users\Kriti\.m2\repository\jakarta\persistence\jakarta.persistence-api\3.1.0\jakarta.persistence-api-3.1.0.jar;C:\Users\Kriti\.m2\repository\jakarta\transaction\jakarta.transaction-api\2.0.1\jakarta.transaction-api-2.0.1.jar;C:\Users\Kriti\.m2\repository\org\hibernate\common\hibernate-commons-annotations\7.0.3.Final\hibernate-commons-annotations-7.0.3.Final.jar;C:\Users\Kriti\.m2\repository\io\smallrye\jandex\3.2.0\jandex-3.2.0.jar;C:\Users\Kriti\.m2\repository\org\glassfish\jaxb\jaxb-runtime\4.0.5\jaxb-runtime-4.0.5.jar;C:\Users\Kriti\.m2\repository\org\glassfish\jaxb\jaxb-core\4.0.5\jaxb-core-4.0.5.jar;C:\Users\Kriti\.m2\repository\org\eclipse\angus\angus-activation\2.0.2\angus-activation-2.0.2.jar;C:\Users\Kriti\.m2\repository\org\glassfish\jaxb\txw2\4.0.5\txw2-4.0.5.jar;C:\Users\Kriti\.m2\repository\com\sun\istack\istack-commons-runtime\4.1.2\istack-commons-runtime-4.1.2.jar;C:\Users\Kriti\.m2\repository\jakarta\inject\jakarta.inject-api\2.0.1\jakarta.inject-api-2.0.1.jar;C:\Users\Kriti\.m2\repository\org\antlr\antlr4-runtime\4.13.0\antlr4-runtime-4.13.0.jar;C:\Users\Kriti\.m2\repository\org\springframework\data\spring-data-jpa\3.4.4\spring-data-jpa-3.4.4.jar;C:\Users\Kriti\.m2\repository\org\springframework\data\spring-data-commons\3.4.4\spring-data-commons-3.4.4.jar;C:\Users\Kriti\.m2\repository\org\springframework\spring-orm\6.2.5\spring-orm-6.2.5.jar;C:\Users\Kriti\.m2\repository\org\springframework\spring-tx\6.2.5\spring-tx-6.2.5.jar;C:\Users\Kriti\.m2\repository\org\springframework\spring-aspects\6.2.5\spring-aspects-6.2.5.jar;C:\Users\Kriti\.m2\repository\org\aspectj\aspectjweaver\1.9.23\aspectjweaver-1.9.23.jar;C:\Users\Kriti\.m2\repository\com\mysql\mysql-connector-j\9.2.0\mysql-connector-j-9.2.0.jar;C:\Users\Kriti\.m2\repository\io\jsonwebtoken\jjwt-api\0.12.5\jjwt-api-0.12.5.jar;C:\Users\Kriti\.m2\repository\io\jsonwebtoken\jjwt-jackson\0.12.5\jjwt-jackson-0.12.5.jar;C:\Users\Kriti\.m2\repository\com\fasterxml\jackson\core\jackson-databind\2.18.3\jackson-databind-2.18.3.jar;C:\Users\Kriti\.m2\repository\com\fasterxml\jackson\core\jackson-annotations\2.18.3\jackson-annotations-2.18.3.jar;C:\Users\Kriti\.m2\repository\com\fasterxml\jackson\core\jackson-core\2.18.3\jackson-core-2.18.3.jar;C:\Users\Kriti\.m2\repository\io\jsonwebtoken\jjwt-impl\0.12.5\jjwt-impl-0.12.5.jar
Launcher Type: SUN_STANDARD

[Global flags]
     intx CICompilerCount                          = 4                                         {product} {ergonomic}
     uint ConcGCThreads                            = 2                                         {product} {ergonomic}
     uint G1ConcRefinementThreads                  = 8                                         {product} {ergonomic}
   size_t G1HeapRegionSize                         = 1048576                                   {product} {ergonomic}
   size_t InitialHeapSize                          = 100663296                                 {product} {ergonomic}
   size_t MarkStackSize                            = 4194304                                   {product} {ergonomic}
   size_t MarkStackSizeMax                         = 536870912                                 {product} {ergonomic}
   size_t MaxHeapSize                              = 1581252608                                {product} {ergonomic}
   size_t MaxNewSize                               = 947912704                                 {product} {ergonomic}
   size_t MinHeapDeltaBytes                        = 1048576                                   {product} {ergonomic}
   size_t MinHeapSize                              = 8388608                                   {product} {ergonomic}
    uintx NonNMethodCodeHeapSize                   = 5832704                                {pd product} {ergonomic}
    uintx NonProfiledCodeHeapSize                  = 122945536                              {pd product} {ergonomic}
    uintx ProfiledCodeHeapSize                     = 122880000                              {pd product} {ergonomic}
    uintx ReservedCodeCacheSize                    = 251658240                              {pd product} {ergonomic}
     bool SegmentedCodeCache                       = true                                      {product} {ergonomic}
   size_t SoftMaxHeapSize                          = 1581252608                             {manageable} {ergonomic}
     bool UseCompressedOops                        = true                           {product lp64_product} {ergonomic}
     bool UseG1GC                                  = true                                      {product} {ergonomic}
     bool UseLargePagesIndividualAllocation        = false                                  {pd product} {ergonomic}

Logging:
Log output configuration:
 #0: stdout all=warning uptime,level,tags foldmultilines=false
 #1: stderr all=off uptime,level,tags foldmultilines=false

Environment Variables:
PATH=C:\WINDOWS\system32;C:\WINDOWS;C:\WINDOWS\System32\Wbem;C:\WINDOWS\System32\WindowsPowerShell\v1.0\;C:\WINDOWS\System32\OpenSSH\;C:\Program Files\dotnet\;C:\Program Files\MySQL\MySQL Server 8.0\bin;C:\Program Files\Git\cmd;C:\Program Files\nodejs\;C:\Program Files\Java\jdk-21\bin;C:\Program Files\MySQL\MySQL Shell 8.0\bin\;C:\Users\Kriti\AppData\Local\Programs\Python\Python311\Scripts\;C:\Users\Kriti\AppData\Local\Programs\Python\Python311\;C:\Users\Kriti\AppData\Local\Microsoft\WindowsApps;C:\Users\Kriti\AppData\Local\Programs\Microsoft VS Code\bin;C:\mingw\mingw32\bin;C:\Users\Kriti\AppData\Local\GitHubDesktop\bin;C:\Program Files\Git\git-cmd.exe;C:\Users\Kriti\AppData\Roaming\npm
USERNAME=Kriti
OS=Windows_NT
PROCESSOR_IDENTIFIER=AMD64 Family 23 Model 24 Stepping 1, AuthenticAMD
TMP=C:\Users\Kriti\AppData\Local\Temp
TEMP=C:\Users\Kriti\AppData\Local\Temp




Periodic native trim disabled

---------------  S Y S T E M  ---------------

OS:
 Windows 11 , 64 bit Build 22621 (10.0.22621.4974)
OS uptime: 8 days 18:31 hours

CPU: total 8 (initial active 8) (8 cores per cpu, 2 threads per core) family 23 model 24 stepping 1 microcode 0x0, cx8, cmov, fxsr, ht, mmx, 3dnowpref, sse, sse2, sse3, ssse3, sse4a, sse4.1, sse4.2, popcnt, lzcnt, tsc, tscinvbit, avx, avx2, aes, clmul, bmi1, bmi2, adx, sha, fma, vzeroupper, clflush, clflushopt, rdtscp, f16c
Processor Information for the first 8 processors :
  Max Mhz: 2100, Current Mhz: 2100, Mhz Limit: 2100

Memory: 4k page, system-wide physical 6030M (60M free)
TotalPageFile size 24462M (AvailPageFile size 0M)
current process WorkingSet (physical memory assigned to process): 21M, peak: 243M
current process commit charge ("private bytes"): 267M, peak: 282M

vm_info: Java HotSpot(TM) 64-Bit Server VM (23.0.2+7-58) for windows-amd64 JRE (23.0.2+7-58), built on 2024-11-29T09:34:55Z with MS VC++ 17.6 (VS2022)

END.
